../Core/Src/main.c:112:6:HAL_UART_RxCpltCallback	16	static
../Core/Src/main.c:128:6:UART_Handle_Menu	16	static
../Core/Src/main.c:219:6:My_Motor_Control	16	static
../Core/Src/main.c:265:6:Display_PID	56	static
../Core/Src/main.c:299:6:Display_Battery	32	static
../Core/Src/main.c:342:6:Display_Frame	16	static
../Core/Src/main.c:351:6:Display_Logo	16	static
../Core/Src/main.c:358:6:Display_Bluetooth_status	16	static
../Core/Src/main.c:369:6:my_Oled_Display	32	static
../Core/Src/main.c:390:6:sensorRead	4	static
../Core/Src/main.c:399:10:Distance	24	static
../Core/Src/main.c:430:6:PID_control	56	static
../Core/Src/main.c:488:5:main	24	static
../Core/Src/main.c:586:6:SystemClock_Config	88	static
../Core/Src/main.c:632:13:MX_ADC1_Init	24	static
../Core/Src/main.c:679:13:MX_I2C2_Init	8	static
../Core/Src/main.c:713:13:MX_TIM4_Init	64	static
../Core/Src/main.c:784:13:MX_USART1_UART_Init	8	static
../Core/Src/main.c:817:13:MX_GPIO_Init	40	static
../Core/Src/main.c:863:6:HAL_ADC_ConvCpltCallback	16	static
../Core/Src/main.c:878:6:Error_Handler	4	static,ignoring_inline_asm
